# p-angle set of keywords
CROTA2      ignore      pangle
SAT_ROT	    ignore      nop
INST_ROT    ignore      nop
CROTA1      ignore      nop
# image location set of keywords
CRPIX1      ignore      center
CRPIX2      ignore      nop
CRVAL1      ignore      nop
CRVAL2      ignore      nop
XCEN        XCEN        copy
YCEN        YCEN        copy
CDELT1      X_SCALE	scale
CDELT2      Y_SCALE	scale
MAGNIFY	    MAGNIFY     scale
# observation time keywords
T_OBS       T_OBS       time
T_REC       ignore      nop
T_REC_index ignore      nop
T_REC_epoch ignore      nop
T_REC_step  ignore      nop
DATE        ignore      nop
DATE__OBS   ignore      nop
MJD         ignore      nop
TIME        ignore      nop
CADENCE     ignore      nop
EXPTIME     INTERVAL    nop
# Carrington coords
CRLN_OBS    OBS_L0      copy
CRLT_OBS    OBS_B0      copy
CAR_ROT     OBS_CR      copy
# DSUN_OBS
DSUN_OBS    OBS_DIST    au
# done
CROP_RAD    DPC_CROP    copy
RSUN_OBS    OBS_R0      copy
R_SUN       ignore      nop
T_REF       MDI_REF     copy
DATARMS     DATA_RMS    copy
#soho ephemeris
OBS_VW      OBS_VW      copy
OBS_VN      OBS_VN      copy
OBS_VR      OBS_VR	copy
# other keywords
DPC         DPC         copy
QUALITY     QUALITY     nop
#QUALITY    QUALITY     copy
CAMERA      INSTRUME    copy
SAMPLE      DPC_SMPL    copy
SINRHOTB    SRC_ADJ2    copy
NOTE3       SINRHOVR    copy
#done
